
C:\abc>git version--
git: 'version--' is not a git command. See 'git --help'.

C:\abc>git clone https://github.com/rishabhanandshrivastava/Demo.git
Cloning into 'Demo'...
remote: Enumerating objects: 3, done.
remote: Counting objects: 100% (3/3), done.
remote: Total 3 (delta 0), reused 0 (delta 0), pack-reused 0
Unpacking objects: 100% (3/3), done.

C:\abc>git --version
git version 2.21.0.windows.1

C:\abc>cd demo

C:\abc\Demo>cd..

C:\abc>cd Demo

C:\abc\Demo>git status
On branch master
Your branch is up to date with 'origin/master'.

Untracked files:
  (use "git add <file>..." to include in what will be committed)

        HelloWorld.java

nothing added to commit but untracked files present (use "git add" to track)

C:\abc\Demo>git add HelloWorld.java

C:\abc\Demo>git status
On branch master
Your branch is up to date with 'origin/master'.

Changes to be committed:
  (use "git reset HEAD <file>..." to unstage)

        new file:   HelloWorld.java


C:\abc\Demo>git commit -m "Demo"_

*** Please tell me who you are.

Run

  git config --global user.email "you@example.com"
  git config --global user.name "Your Name"

to set your account's default identity.
Omit --global to set the identity only in this repository.

fatal: unable to auto-detect email address (got 'cdac@DESKTOP-3S7E2G5.(none)')

C:\abc\Demo>git config --global user.email "rishabhanandshrivastava@gmail.com"

C:\abc\Demo>git config --global user.name "rishabhanandshrivastava"

C:\abc\Demo>git commit -m "Demo"_
[master d4833a5] Demo_
 1 file changed, 0 insertions(+), 0 deletions(-)
 create mode 100644 HelloWorld.java

C:\abc\Demo>git commit -m "Demo"_
On branch master
Your branch is ahead of 'origin/master' by 1 commit.
  (use "git push" to publish your local commits)

Changes not staged for commit:
        modified:   HelloWorld.java

no changes added to commit

C:\abc\Demo>git push
Logon failed, use ctrl+c to cancel basic credential prompt.
Username for 'https://github.com': rishabhanandshrivastava
Password for 'https://rishabhanandshrivastava@github.com':
remote: Invalid username or password.
fatal: Authentication failed for 'https://github.com/rishabhanandshrivastava/Demo.git/'

C:\abc\Demo>git push
Logon failed, use ctrl+c to cancel basic credential prompt.
Username for 'https://github.com': fatal: could not read Username for 'https://github.com': No error

C:\abc\Demo>git push
Enumerating objects: 4, done.
Counting objects: 100% (4/4), done.
Delta compression using up to 4 threads
Compressing objects: 100% (2/2), done.
Writing objects: 100% (3/3), 286 bytes | 286.00 KiB/s, done.
Total 3 (delta 0), reused 0 (delta 0)
To https://github.com/rishabhanandshrivastava/Demo.git
   9fd2ce3..d4833a5  master -> master

C:\abc\Demo>git commit -m "Demo"_
On branch master
Your branch is up to date with 'origin/master'.

Changes not staged for commit:
        modified:   HelloWorld.java

no changes added to commit

C:\abc\Demo>